---
source: src/tests/cases/ui.rs
expression: "&terminal_draw_events_mirror[2]"
---
                                                                                                                                                                                              
                                                                                                                                                                                              
                                                                                                                                          ███████████████████████████████████████████████████ 
                                                                                                                                          ███████████████████████████████████████████████████ 
                                                                                                                                          ███████████████████████████████████████████████████ 
                                                                                                                                          ███████████████████████████████████████████████████ 
                                                                                                                                          ███████████████████████████████████████████████████ 
                                                                                                                                          ███████████████████████████████████████████████████ 
                                                                                                                                          ███████████████████████████████████████████████████ 
                                                                                                                                          ███████████████████████████████████████████████████ 
                                                                                                                                          ███████████████████████████████████████████████████ 
                                                                  file1                                                                   ███████████████████████████████████████████████████ 
                                                                                                                                          ███████████████████████████████████████████████████ 
                                                                                                                                          ███████████████████████████████████████████████████ 
                                                               16.0K (36%)                                                                ███████████████████████████████████████████████████ 
                                                                                                                                          ███████████████████████████████████████████████████ 
                                                                                                                                          ███████████████████████████████████████████████████ 
                                                                                                                                          ███████████████████████████████████████████████████ 
                                                                                                                                          ███████████████████████████████████████████████████ 
                                                                                                                                          ███████████████████████████████████████████████████ 
                                                                                                                                          ███████████subfolder1/ (+4 descendants)████████████ 
                                                                                                                                          ████████████████████12.0K (27%)████████████████████ 
                                                                                                                                          ███████████████████████████████████████████████████ 
                                                                                                                                          ███████████████████████████████████████████████████ 
                                                                                                                                          ███████████████████████████████████████████████████ 
                                                                                                                                          ███████████████████████████████████████████████████ 
                                                                                                                                          ███████████████████████████████████████████████████ 
                                                                                                                                          ███████████████████████████████████████████████████ 
                                                                                                                                          ███████████████████████████████████████████████████ 
                                                                                                                                          ███████████████████████████████████████████████████ 
                                                                                                                                          ███████████████████████████████████████████████████ 
                                                                                                                                          ███████████████████████████████████████████████████ 
                                                                                                                                          ███████████████████████████████████████████████████ 
                                                                                                                                          ███████████████████████████████████████████████████ 
                                                                                                                                          ███████████████████████████████████████████████████ 
                                                                                                                                          ███████████████████████████████████████████████████ 
                                                                                                                                          ███████████████████████████████████████████████████ 
                                                                                                                                          ███████████████████████████████████████████████████ 
                                                                                                                                          ███████████████████████████████████████████████████ 
                                                                                                                                          ███████████████████████████████████████████████████ 
                                                                                                                                          ███████████████████████████████████████████████████ 
                                                                                                                                          █2 items; % of folder██████████████████████████████ 
                                                                                                                                          █#1 subfolder2/   [################.........]  67%█ 
                                                                                                                                          █#2 file5         [########.................]  33%█ 
                                                                                                                                          ███████████████████████████████████████████████████ 
                                                                                                                                          ███████████████████████████████████████████████████ 
                                                                                                                                          ███████████████████████████████████████████████████ 
                                                                                                                                                                                              
 SELECTED: subfolder1 (12.0K, 4 files)                                                                                                                                                        
                                                                                                                                                                                              

